2026-02-12T18:57:32.9396619Z ##[group]Run subosito/flutter-action@v2
2026-02-12T18:57:32.9397057Z with:
2026-02-12T18:57:32.9397342Z   flutter-version: 3.41.0
2026-02-12T18:57:32.9397898Z   channel: stable
2026-02-12T18:57:32.9398186Z   architecture: X64
2026-02-12T18:57:32.9398464Z   cache: false
2026-02-12T18:57:32.9398758Z   pub-cache-path: default
2026-02-12T18:57:32.9399085Z   dry-run: false
2026-02-12T18:57:32.9399458Z   git-source: https://github.com/flutter/flutter.git
2026-02-12T18:57:32.9399844Z env:
2026-02-12T18:57:32.9400215Z   JAVA_HOME: /opt/hostedtoolcache/Java_Temurin-Hotspot_jdk/21.0.10-7/x64
2026-02-12T18:57:32.9400843Z   JAVA_HOME_21_X64: /opt/hostedtoolcache/Java_Temurin-Hotspot_jdk/21.0.10-7/x64
2026-02-12T18:57:32.9401289Z ##[endgroup]
2026-02-12T18:57:32.9503869Z ##[group]Run chmod +x "$GITHUB_ACTION_PATH/setup.sh"
2026-02-12T18:57:32.9504483Z [36;1mchmod +x "$GITHUB_ACTION_PATH/setup.sh"[0m
2026-02-12T18:57:32.9572004Z shell: /usr/bin/bash --noprofile --norc -e -o pipefail {0}
2026-02-12T18:57:32.9572554Z env:
2026-02-12T18:57:32.9573035Z   JAVA_HOME: /opt/hostedtoolcache/Java_Temurin-Hotspot_jdk/21.0.10-7/x64
2026-02-12T18:57:32.9573634Z   JAVA_HOME_21_X64: /opt/hostedtoolcache/Java_Temurin-Hotspot_jdk/21.0.10-7/x64
2026-02-12T18:57:32.9574112Z ##[endgroup]
2026-02-12T18:57:32.9784542Z ##[group]Run $GITHUB_ACTION_PATH/setup.sh -p \
2026-02-12T18:57:32.9785123Z [36;1m$GITHUB_ACTION_PATH/setup.sh -p \[0m
2026-02-12T18:57:32.9785498Z [36;1m  -n '3.41.0' \[0m
2026-02-12T18:57:32.9785800Z [36;1m  -f '' \[0m
2026-02-12T18:57:32.9786080Z [36;1m  -a 'X64' \[0m
2026-02-12T18:57:32.9786372Z [36;1m  -k '' \[0m
2026-02-12T18:57:32.9786642Z [36;1m  -c '' \[0m
2026-02-12T18:57:32.9786899Z [36;1m  -l '' \[0m
2026-02-12T18:57:32.9787181Z [36;1m  -d 'default' \[0m
2026-02-12T18:57:32.9787867Z [36;1m  -g 'https://github.com/flutter/flutter.git' \[0m
2026-02-12T18:57:32.9788276Z [36;1m  stable[0m
2026-02-12T18:57:32.9847297Z shell: /usr/bin/bash --noprofile --norc -e -o pipefail {0}
2026-02-12T18:57:32.9847843Z env:
2026-02-12T18:57:32.9848257Z   JAVA_HOME: /opt/hostedtoolcache/Java_Temurin-Hotspot_jdk/21.0.10-7/x64
2026-02-12T18:57:32.9848834Z   JAVA_HOME_21_X64: /opt/hostedtoolcache/Java_Temurin-Hotspot_jdk/21.0.10-7/x64
2026-02-12T18:57:32.9849286Z ##[endgroup]
2026-02-12T18:57:33.1959338Z ##[group]Run $GITHUB_ACTION_PATH/setup.sh \
2026-02-12T18:57:33.1959810Z [36;1m$GITHUB_ACTION_PATH/setup.sh \[0m
2026-02-12T18:57:33.1960158Z [36;1m  -n '3.41.0' \[0m
2026-02-12T18:57:33.1960467Z [36;1m  -a 'x64' \[0m
2026-02-12T18:57:33.1960844Z [36;1m  -c '/opt/hostedtoolcache/flutter/stable-3.41.0-x64' \[0m
2026-02-12T18:57:33.1961474Z [36;1m  -d '/home/runner/.pub-cache' \[0m
2026-02-12T18:57:33.1961810Z [36;1m  stable[0m
2026-02-12T18:57:33.2022221Z shell: /usr/bin/bash --noprofile --norc -e -o pipefail {0}
2026-02-12T18:57:33.2022660Z env:
2026-02-12T18:57:33.2023078Z   JAVA_HOME: /opt/hostedtoolcache/Java_Temurin-Hotspot_jdk/21.0.10-7/x64
2026-02-12T18:57:33.2023643Z   JAVA_HOME_21_X64: /opt/hostedtoolcache/Java_Temurin-Hotspot_jdk/21.0.10-7/x64
2026-02-12T18:57:33.2024112Z ##[endgroup]
2026-02-12T18:57:33.4261040Z   % Total    % Received % Xferd  Average Speed   Time    Time     Time  Current
2026-02-12T18:57:33.4262778Z                                  Dload  Upload   Total   Spent    Left  Speed
2026-02-12T18:57:33.4263568Z 
2026-02-12T18:57:33.7109865Z   0     0    0     0    0     0      0      0 --:--:-- --:--:-- --:--:--     0
2026-02-12T18:57:34.7110949Z   0 1433M    0 11.6M    0     0  40.9M      0  0:00:34 --:--:--  0:00:34 41.0M
2026-02-12T18:57:35.7141303Z   6 1433M    6 90.4M    0     0  70.3M      0  0:00:20  0:00:01  0:00:19 70.3M
2026-02-12T18:57:36.7110727Z  12 1433M   12  175M    0     0  76.4M      0  0:00:18  0:00:02  0:00:16 76.4M
2026-02-12T18:57:37.7108655Z  18 1433M   18  259M    0     0  79.0M      0  0:00:18  0:00:03  0:00:15 79.0M
2026-02-12T18:57:38.7114198Z  23 1433M   23  330M    0     0  77.1M      0  0:00:18  0:00:04  0:00:14 77.1M
2026-02-12T18:57:39.7110679Z  28 1433M   28  409M    0     0  77.5M      0  0:00:18  0:00:05  0:00:13 79.6M
2026-02-12T18:57:40.7110710Z  33 1433M   33  484M    0     0  77.1M      0  0:00:18  0:00:06  0:00:12 78.8M
2026-02-12T18:57:41.7113712Z  38 1433M   38  551M    0     0  75.6M      0  0:00:18  0:00:07  0:00:11 75.3M
2026-02-12T18:57:42.7111011Z  44 1433M   44  633M    0     0  76.4M      0  0:00:18  0:00:08  0:00:10 74.6M
2026-02-12T18:57:43.7122014Z  49 1433M   49  714M    0     0  76.9M      0  0:00:18  0:00:09  0:00:09 76.7M
2026-02-12T18:57:44.7170440Z  55 1433M   55  790M    0     0  76.8M      0  0:00:18  0:00:10  0:00:08 76.1M
2026-02-12T18:57:45.7115537Z  61 1433M   61  884M    0     0  78.3M      0  0:00:18  0:00:11  0:00:07 79.9M
2026-02-12T18:57:46.7127016Z  65 1433M   65  932M    0     0  75.8M      0  0:00:18  0:00:12  0:00:06 76.1M
2026-02-12T18:57:47.7129006Z  68 1433M   68  988M    0     0  74.4M      0  0:00:19  0:00:13  0:00:06 71.0M
2026-02-12T18:57:48.7150043Z  73 1433M   73 1053M    0     0  73.7M      0  0:00:19  0:00:14  0:00:05 67.9M
2026-02-12T18:57:49.7113516Z  78 1433M   78 1120M    0     0  73.3M      0  0:00:19  0:00:15  0:00:04 66.0M
2026-02-12T18:57:50.7132566Z  84 1433M   84 1212M    0     0  74.4M      0  0:00:19  0:00:16  0:00:03 65.6M
2026-02-12T18:57:51.7120299Z  91 1433M   91 1304M    0     0  75.4M      0  0:00:18  0:00:17  0:00:01 74.4M
2026-02-12T18:57:52.3027309Z  97 1433M   97 1399M    0     0  76.5M      0  0:00:18  0:00:18 --:--:-- 82.2M
2026-02-12T18:57:52.3028345Z 100 1433M  100 1433M    0     0  75.9M      0  0:00:18  0:00:18 --:--:-- 82.6M
